child step
parent step
parent step
daughter step
child draw
parent draw
parent draw
daughter draw
