main
aide
helper
helper
main
aide
helper
helper
aide
