child create
child compute
parent create
parent compute
parent compute
