son destroy
daughter destroy
parent destroy
parent destroy
