hello world
goodbye world
this is "right"
Either\or is okay
multiple
lines
